// Jest Snapshot v1, https://goo.gl/fbAQLP

exports[`renders corretly for Button 1`] = `
<button
  className="button"
  onClick={[Function]}
  type="button"
  value="name"
>
  name
</button>
`;
