// Jest Snapshot v1, https://goo.gl/fbAQLP

exports[`TodoDoneCheckbox renders correctly 1`] = `
<input
  checked={false}
  data-testid="todo-checkbox"
  onChange={[Function]}
  type="checkbox"
  value="14e520cd-63f2-485e-9b3b-072ce068554e"
/>
`;
