// Jest Snapshot v1, https://goo.gl/fbAQLP

exports[`renders correctly for Input 1`] = `
<input
  className="input"
  placeholder="New todo..."
  type="text"
/>
`;
